// Jest Snapshot v1, https://goo.gl/fbAQLP

exports[`<Container /> should render default style correctly 1`] = `
.c0 {
  margin-inline-start: auto;
  margin-inline-end: auto;
  max-width: 100%;
  box-sizing: border-box;
}

@media only screen and (min-width:1rem) {
  .c0 {
    padding-inline-start: 1rem;
    padding-inline-end: 1rem;
  }
}

@media only screen and (min-width:48rem) {
  .c0 {
    padding-inline-start: 1rem;
    padding-inline-end: 1rem;
  }
}

@media only screen and (min-width:64rem) {
  .c0 {
    padding-inline-start: 1.5rem;
    padding-inline-end: 1.5rem;
  }
}

@media only screen and (min-width:90rem) {
  .c0 {
    padding-inline-start: 1.5rem;
    padding-inline-end: 1.5rem;
  }
}

@media only screen and (min-width:120rem) {
  .c0 {
    padding-inline-start: 1.5rem;
    padding-inline-end: 1.5rem;
  }
}

@media only screen and (min-width:1rem) {
  .c0 {
    width: 100%;
  }
}

@media only screen and (min-width:48rem) {
  .c0 {
    width: 100%;
  }
}

@media only screen and (min-width:64rem) {
  .c0 {
    width: 100%;
  }
}

@media only screen and (min-width:90rem) {
  .c0 {
    width: 90rem;
  }
}

@media only screen and (min-width:120rem) {
  .c0 {
    width: 90rem;
  }
}

<div
  className="c0"
/>
`;
